// Jest Snapshot v1, https://goo.gl/fbAQLP

exports[`Renders ImageClassification component correctly 1`] = `
<div>
  <div
    className="sentimentClassificationData"
  >
    <div>
      Negative
    </div>
    <div
      className="value"
    >
      68.18%
    </div>
  </div>
  <div
    className="sentimentClassificationData"
  >
    <div>
      Neutral
    </div>
    <div
      className="value"
    >
      15.44%
    </div>
  </div>
  <div
    className="sentimentClassificationData"
  >
    <div>
      Postive
    </div>
    <div
      className="value"
    >
      16.38%
    </div>
  </div>
</div>
`;
